#-----------------------------------------------------------
# Vivado v2023.2 (64-bit)
# SW Build 4029153 on Fri Oct 13 20:14:34 MDT 2023
# IP Build 4028589 on Sat Oct 14 00:45:43 MDT 2023
# SharedData Build 4025554 on Tue Oct 10 17:18:54 MDT 2023
# Start of session at: Mon Feb 26 10:17:43 2024
# Process ID: 35784
# Current directory: C:/Universitet/3. Reliable System/DVA494/Lab4/Step2
# Command line: vivado.exe -gui_launcher_event rodinguilauncherevent14576 C:\Universitet\3. Reliable System\DVA494\Lab4\Step2\Step2.xpr
# Log file: C:/Universitet/3. Reliable System/DVA494/Lab4/Step2/vivado.log
# Journal file: C:/Universitet/3. Reliable System/DVA494/Lab4/Step2\vivado.jou
# Running On: XXSnipezXX, OS: Windows, CPU Frequency: 3294 MHz, CPU Physical cores: 12, Host memory: 14877 MB
#-----------------------------------------------------------
start_gui
open_project {C:/Universitet/3. Reliable System/DVA494/Lab4/Step2/Step2.xpr}
update_compile_order -fileset sources_1
launch_simulation
source wrapper_push_led.tcl
set_property used_in_synthesis false [get_files  {{C:/Universitet/3. Reliable System/DVA494/Lab4/Step2/Step2.srcs/sources_1/new/Wrapper_second_counter.vhd}}]
set_property used_in_synthesis true [get_files  {{C:/Universitet/3. Reliable System/DVA494/Lab4/Step2/Step2.srcs/sources_1/new/Wrapper_second_counter.vhd}}]
set_property used_in_synthesis false [get_files  {{C:/Universitet/3. Reliable System/DVA494/Lab4/Step2/Step2.srcs/sources_1/new/Wrapper_second_counter.vhd}}]
set_property used_in_synthesis true [get_files  {{C:/Universitet/3. Reliable System/DVA494/Lab4/Step2/Step2.srcs/sources_1/new/Wrapper_second_counter.vhd}}]
update_compile_order -fileset sources_1
update_compile_order -fileset sources_1
close_sim
launch_simulation
source wrapper_push_led.tcl
close_sim
