#-----------------------------------------------------------
# Vivado v2023.2 (64-bit)
# SW Build 4029153 on Fri Oct 13 20:14:34 MDT 2023
# IP Build 4028589 on Sat Oct 14 00:45:43 MDT 2023
# SharedData Build 4025554 on Tue Oct 10 17:18:54 MDT 2023
# Start of session at: Fri Feb  2 13:14:12 2024
# Process ID: 24228
# Current directory: C:/Universitet/3. Reliable System/DVA494/Lab2/Step5
# Command line: vivado.exe -gui_launcher_event rodinguilauncherevent39828 C:\Universitet\3. Reliable System\DVA494\Lab2\Step5\Step5.xpr
# Log file: C:/Universitet/3. Reliable System/DVA494/Lab2/Step5/vivado.log
# Journal file: C:/Universitet/3. Reliable System/DVA494/Lab2/Step5\vivado.jou
# Running On: XXSnipezXX, OS: Windows, CPU Frequency: 3294 MHz, CPU Physical cores: 12, Host memory: 14877 MB
#-----------------------------------------------------------
start_guioopen_project {C:/Universitet/3. Reliable System/DVA494/Lab2/Step5/Step5.xpr}uupdate_compile_order -fileset sources_1launch_simulation
source tb.tcl
close_sim
