#-----------------------------------------------------------
# Vivado v2023.2 (64-bit)
# SW Build 4029153 on Fri Oct 13 20:14:34 MDT 2023
# IP Build 4028589 on Sat Oct 14 00:45:43 MDT 2023
# SharedData Build 4025554 on Tue Oct 10 17:18:54 MDT 2023
# Start of session at: Tue Jan 30 15:23:35 2024
# Process ID: 4352
# Current directory: D:/Skola/3/DVA494/Lab2/Step5
# Command line: vivado.exe -gui_launcher_event rodinguilauncherevent11128 D:\Skola\3\DVA494\Lab2\Step5\Step5.xpr
# Log file: D:/Skola/3/DVA494/Lab2/Step5/vivado.log
# Journal file: D:/Skola/3/DVA494/Lab2/Step5\vivado.jou
# Running On: DESKTOP-HP2G262, OS: Windows, CPU Frequency: 2808 MHz, CPU Physical cores: 4, Host memory: 17034 MB
#-----------------------------------------------------------
start_gui
open_project D:/Skola/3/DVA494/Lab2/Step5/Step5.xpr
update_compile_order -fileset sources_1
add_files -norecurse {D:/Skola/3/DVA494/Lab2/library/FaultInjector.vhd D:/Skola/3/DVA494/Lab2/library/Max4Bit4To1.vhd D:/Skola/3/DVA494/Lab2/library/FaultyALU.vhd D:/Skola/3/DVA494/Lab2/library/ArithLogic.vhd D:/Skola/3/DVA494/Lab2/library/Max4Bit8To1.vhd D:/Skola/3/DVA494/Lab2/library/Max4Bit2To1.vhd}
launch_simulation
source FaultyALU.tcl
add_files -norecurse {D:/Skola/3/DVA494/Lab2/library/FaultInjector.vhd D:/Skola/3/DVA494/Lab2/library/Max4Bit4To1.vhd D:/Skola/3/DVA494/Lab2/library/FaultyALU.vhd D:/Skola/3/DVA494/Lab2/library/ArithLogic.vhd D:/Skola/3/DVA494/Lab2/library/Max4Bit8To1.vhd D:/Skola/3/DVA494/Lab2/library/Max4Bit2To1.vhd}
add_files -norecurse D:/Skola/3/DVA494/Lab2/library/FaultyALU.vhd
export_ip_user_files -of_objects  [get_files D:/Skola/3/DVA494/Lab2/library/FaultyALU.vhd] -no_script -reset -force -quiet
remove_files  D:/Skola/3/DVA494/Lab2/library/FaultyALU.vhd
update_compile_order -fileset sources_1
export_ip_user_files -of_objects  [get_files D:/Skola/3/DVA494/Lab2/library/Max4Bit8To1.vhd] -no_script -reset -force -quiet
export_ip_user_files -of_objects  [get_files D:/Skola/3/DVA494/Lab2/library/ArithLogic.vhd] -no_script -reset -force -quiet
export_ip_user_files -of_objects  [get_files D:/Skola/3/DVA494/Lab2/library/FaultInjector.vhd] -no_script -reset -force -quiet
remove_files  {D:/Skola/3/DVA494/Lab2/library/Max4Bit8To1.vhd D:/Skola/3/DVA494/Lab2/library/ArithLogic.vhd D:/Skola/3/DVA494/Lab2/library/FaultInjector.vhd}
export_ip_user_files -of_objects  [get_files D:/Skola/3/DVA494/Lab2/library/Max4Bit4To1.vhd] -no_script -reset -force -quiet
remove_files  D:/Skola/3/DVA494/Lab2/library/Max4Bit4To1.vhd
export_ip_user_files -of_objects  [get_files D:/Skola/3/DVA494/Lab2/library/Max4Bit2To1.vhd] -no_script -reset -force -quiet
remove_files  D:/Skola/3/DVA494/Lab2/library/Max4Bit2To1.vhd
add_files -norecurse {D:/Skola/3/DVA494/Lab2/library/FaultInjector.vhd D:/Skola/3/DVA494/Lab2/library/Max4Bit4To1.vhd D:/Skola/3/DVA494/Lab2/library/FaultyALU.vhd D:/Skola/3/DVA494/Lab2/library/ArithLogic.vhd D:/Skola/3/DVA494/Lab2/library/Max4Bit8To1.vhd D:/Skola/3/DVA494/Lab2/library/Max4Bit2To1.vhd}
update_compile_order -fileset sources_1
update_compile_order -fileset sources_1
close_sim
