#-----------------------------------------------------------
# Vivado v2023.2 (64-bit)
# SW Build 4029153 on Fri Oct 13 20:14:34 MDT 2023
# IP Build 4028589 on Sat Oct 14 00:45:43 MDT 2023
# SharedData Build 4025554 on Tue Oct 10 17:18:54 MDT 2023
# Start of session at: Fri Jan 26 08:03:54 2024
# Process ID: 11788
# Current directory: C:/Users/ellio/OneDrive/Skrivbord/Robotik.Year.3/inbygda system/DVA494/Lab2/Step3
# Command line: vivado.exe -gui_launcher_event rodinguilauncherevent24236 C:\Users\ellio\OneDrive\Skrivbord\Robotik.Year.3\inbygda system\DVA494\Lab2\Step3\Step3.xpr
# Log file: C:/Users/ellio/OneDrive/Skrivbord/Robotik.Year.3/inbygda system/DVA494/Lab2/Step3/vivado.log
# Journal file: C:/Users/ellio/OneDrive/Skrivbord/Robotik.Year.3/inbygda system/DVA494/Lab2/Step3\vivado.jou
# Running On: DESKTOP-OV3A0NL, OS: Windows, CPU Frequency: 2904 MHz, CPU Physical cores: 8, Host memory: 17037 MB
#-----------------------------------------------------------
start_gui
open_project {C:/Users/ellio/OneDrive/Skrivbord/Robotik.Year.3/inbygda system/DVA494/Lab2/Step3/Step3.xpr}
update_compile_order -fileset sources_1
