#-----------------------------------------------------------
# Vivado v2023.2 (64-bit)
# SW Build 4029153 on Fri Oct 13 20:14:34 MDT 2023
# IP Build 4028589 on Sat Oct 14 00:45:43 MDT 2023
# SharedData Build 4025554 on Tue Oct 10 17:18:54 MDT 2023
# Start of session at: Tue Feb 20 13:22:47 2024
# Process ID: 16520
# Current directory: D:/Skola/3/DVA494/Lab4/Step_4
# Command line: vivado.exe -gui_launcher_event rodinguilauncherevent17368 D:\Skola\3\DVA494\Lab4\Step_4\Step_4.xpr
# Log file: D:/Skola/3/DVA494/Lab4/Step_4/vivado.log
# Journal file: D:/Skola/3/DVA494/Lab4/Step_4\vivado.jou
# Running On: DESKTOP-HP2G262, OS: Windows, CPU Frequency: 2808 MHz, CPU Physical cores: 4, Host memory: 17034 MB
#-----------------------------------------------------------
start_gui
open_project D:/Skola/3/DVA494/Lab4/Step_4/Step_4.xpr
update_compile_order -fileset sources_1
update_files -from_files D:/Skola/3/DVA494/Lab4/Step_4/Step_4.srcs/sources_1/new/step4.vhd -to_files D:/Skola/3/DVA494/Lab4/step4/step4.srcs/sources_1/new/step4.vhd -filesets [get_filesets *]
# Disabling source management mode.  This is to allow the top design properties to be set without GUI intervention.
set_property source_mgmt_mode None [current_project]
set_property top tb_wrapper_timer_7seg [current_fileset]
# Re-enabling previously disabled source management mode.
set_property source_mgmt_mode All [current_project]
update_compile_order -fileset sources_1
# Disabling source management mode.  This is to allow the top design properties to be set without GUI intervention.
set_property source_mgmt_mode None [current_project]
set_property top tb_wrapper_timer_7seg [get_filesets sim_1]
set_property top_lib xil_defaultlib [get_filesets sim_1]
# Re-enabling previously disabled source management mode.
set_property source_mgmt_mode All [current_project]
launch_simulation
source tb_wrapper_timer_7seg.tcl
close_sim
launch_simulation
source tb_wrapper_timer_7seg.tcl
close_sim
